// Jest Snapshot v1, https://jestjs.io/docs/snapshot-testing

exports[`BarChart Component matches snapshot 1`] = `
<DocumentFragment>
  <div
    data-testid="bar-chart"
  >
    <div
      data-testid="chart-data"
    >
      {"labels":["Jan","FÃ©v","Mar","Avr","Mai","Juin","Juil"],"datasets":[{"label":"Ventes","data":[30,50,40,60,70,55,80],"backgroundColor":"rgba(255, 206, 86, 0.7)"}]}
    </div>
    <div
      data-testid="chart-options"
    >
      {"responsive":true,"plugins":{"legend":{"position":"top"},"title":{"display":true,"text":"Ventes mensuelles"}}}
    </div>
  </div>
</DocumentFragment>
`;
